Building for architecture x86_64 on platform windows
Compiling shared addons\world_transvoxel\src\register_types.cpp ...
Compiling shared addons\world_transvoxel\src\api\world_transvoxel_terrain.cpp ...
Compiling shared addons\world_transvoxel\src\api\world_transvoxel_terrain_causal_trace.cpp ...
Compiling shared addons\world_transvoxel\src\api\world_transvoxel_terrain_edit.cpp ...
Compiling shared addons\world_transvoxel\src\api\world_transvoxel_terrain_gpu_resident.cpp ...
Compiling shared addons\world_transvoxel\src\api\world_transvoxel_terrain_gpu_shadow.cpp ...
Compiling shared addons\world_transvoxel\src\api\world_transvoxel_terrain_lifecycle.cpp ...
Compiling shared addons\world_transvoxel\src\api\world_transvoxel_terrain_metrics.cpp ...
Compiling shared addons\world_transvoxel\src\api\world_transvoxel_terrain_metrics_bind.cpp ...
Compiling shared addons\world_transvoxel\src\api\world_transvoxel_terrain_publication.cpp ...
Compiling shared addons\world_transvoxel\src\api\world_transvoxel_terrain_query.cpp ...
Compiling shared addons\world_transvoxel\src\api\world_transvoxel_terrain_streaming.cpp ...
Compiling shared addons\world_transvoxel\src\physics\wt_godot_collision_sink.cpp ...
Compiling shared addons\world_transvoxel\src\render\wt_godot_render_sink.cpp ...
Compiling shared addons\world_transvoxel\src\services\wt_read_only_world_runtime_publication.cpp ...
Compiling shared addons\world_transvoxel\src\testing\wt_m3_integration_fixture.cpp ...
Compiling shared addons\world_transvoxel\src\testing\wt_m5_application_benchmark_fixture.cpp ...
Compiling thirdparty\godot-cpp\src\core\print_string.cpp ...
Compiling thirdparty\godot-cpp\gen\src\variant\string.cpp ...
Compiling thirdparty\godot-cpp\gen\src\variant\string_name.cpp ...
Compiling thirdparty\godot-cpp\gen\src\variant\node_path.cpp ...
Compiling thirdparty\godot-cpp\gen\src\variant\rid.cpp ...
Compiling thirdparty\godot-cpp\gen\src\variant\callable.cpp ...
Compiling thirdparty\godot-cpp\gen\src\variant\signal.cpp ...
Compiling thirdparty\godot-cpp\gen\src\variant\dictionary.cpp ...
Compiling thirdparty\godot-cpp\gen\src\variant\array.cpp ...
Compiling thirdparty\godot-cpp\gen\src\variant\packed_byte_array.cpp ...
Compiling thirdparty\godot-cpp\gen\src\variant\packed_int32_array.cpp ...
Compiling thirdparty\godot-cpp\gen\src\variant\packed_int64_array.cpp ...
Compiling thirdparty\godot-cpp\gen\src\variant\packed_float32_array.cpp ...
Compiling thirdparty\godot-cpp\gen\src\variant\packed_float64_array.cpp ...
Compiling thirdparty\godot-cpp\gen\src\variant\packed_string_array.cpp ...
Compiling thirdparty\godot-cpp\gen\src\variant\packed_vector2_array.cpp ...
Compiling thirdparty\godot-cpp\gen\src\variant\packed_vector3_array.cpp ...
Compiling thirdparty\godot-cpp\gen\src\variant\packed_color_array.cpp ...
Compiling thirdparty\godot-cpp\gen\src\variant\packed_vector4_array.cpp ...
Compiling thirdparty\godot-cpp\gen\src\classes\array_mesh.cpp ...
Compiling thirdparty\godot-cpp\gen\src\classes\camera3d.cpp ...
Compiling thirdparty\godot-cpp\gen\src\classes\class_db_singleton.cpp ...
Compiling thirdparty\godot-cpp\gen\src\classes\collision_object3d.cpp ...
Compiling thirdparty\godot-cpp\gen\src\classes\collision_shape3d.cpp ...
Compiling thirdparty\godot-cpp\gen\src\classes\concave_polygon_shape3d.cpp ...
Compiling thirdparty\godot-cpp\gen\src\classes\file_access.cpp ...
Compiling thirdparty\godot-cpp\gen\src\classes\geometry_instance3d.cpp ...
Compiling thirdparty\godot-cpp\gen\src\classes\image.cpp ...
Compiling thirdparty\godot-cpp\gen\src\classes\input_event.cpp ...
Compiling thirdparty\godot-cpp\gen\src\classes\material.cpp ...
Compiling thirdparty\godot-cpp\gen\src\classes\mesh.cpp ...
Compiling thirdparty\godot-cpp\gen\src\classes\mesh_instance3d.cpp ...
Compiling thirdparty\godot-cpp\gen\src\classes\node.cpp ...
Compiling thirdparty\godot-cpp\gen\src\classes\node3d.cpp ...
Compiling thirdparty\godot-cpp\gen\src\classes\os.cpp ...
Compiling thirdparty\godot-cpp\gen\src\classes\object.cpp ...
Compiling thirdparty\godot-cpp\gen\src\classes\physics_body3d.cpp ...
Compiling thirdparty\godot-cpp\gen\src\classes\physics_server3d.cpp ...
Compiling thirdparty\godot-cpp\gen\src\classes\project_settings.cpp ...
Compiling thirdparty\godot-cpp\gen\src\classes\ref_counted.cpp ...
Compiling thirdparty\godot-cpp\gen\src\classes\resource.cpp ...
Compiling thirdparty\godot-cpp\gen\src\classes\semaphore.cpp ...
Compiling thirdparty\godot-cpp\gen\src\classes\shape3d.cpp ...
Compiling thirdparty\godot-cpp\gen\src\classes\static_body3d.cpp ...
Compiling thirdparty\godot-cpp\gen\src\classes\visual_instance3d.cpp ...
Compiling thirdparty\godot-cpp\gen\src\classes\worker_thread_pool.cpp ...
Compiling thirdparty\godot-cpp\gen\src\classes\xml_parser.cpp ...
Compiling thirdparty\godot-cpp\gen\src\variant\utility_functions.cpp ...
Compiling tests\native\test_wt_production_streaming.cpp ...
Compiling addons\world_transvoxel\src\services\wt_page_meshing_runtime.cpp ...
Compiling addons\world_transvoxel\src\services\wt_page_meshing_runtime_execution.cpp ...
Compiling addons\world_transvoxel\src\services\wt_page_meshing_runtime_storage.cpp ...
Compiling addons\world_transvoxel\src\services\wt_page_meshing_runtime_control.cpp ...
Compiling addons\world_transvoxel\src\services\wt_read_only_world_runtime.cpp ...
Compiling addons\world_transvoxel\src\services\wt_read_only_world_runtime_completion.cpp ...
Linking Static Library thirdparty\godot-cpp\bin\libgodot-cpp.windows.template_release.x86_64.a ...
Compiling addons\world_transvoxel\src\services\wt_read_only_world_runtime_demand.cpp ...
Compiling addons\world_transvoxel\src\services\wt_read_only_world_runtime_edit.cpp ...
Compiling addons\world_transvoxel\src\services\wt_read_only_world_runtime_foreground.cpp ...
Compiling addons\world_transvoxel\src\services\wt_read_only_world_runtime_operations.cpp ...
"C:\Users\Windows10_new\Documents\github_repositories\world-transvoxel\.tools\zig\zig.exe" c++ -Wl,--no-undefined -static -static-libgcc -static-libstdc++ -fvisibility=hidden -s -shared -o addons\world_transvoxel\bin\world_transvoxel.windows.template_release.x86_64.dll build\world_transvoxel\windows.template_release.x86_64\register_types.o build\world_transvoxel\windows.template_release.x86_64\api\world_transvoxel_chunk_state.o build\world_transvoxel\windows.template_release.x86_64\api\world_transvoxel_config.o build\world_transvoxel\windows.template_release.x86_64\api\world_transvoxel_edit_transaction.o build\world_transvoxel\windows.template_release.x86_64\api\world_transvoxel_sample.o build\world_transvoxel\windows.template_release.x86_64\api\world_transvoxel_terrain.o build\world_transvoxel\windows.template_release.x86_64\api\world_transvoxel_terrain_causal_trace.o build\world_transvoxel\windows.template_release.x86_64\api\world_transvoxel_terrain_edit.o build\world_transvoxel\windows.template_release.x86_64\api\world_transvoxel_terrain_gpu_resident.o build\world_transvoxel\windows.template_release.x86_64\api\world_transvoxel_terrain_gpu_shadow.o build\world_transvoxel\windows.template_release.x86_64\api\world_transvoxel_terrain_lifecycle.o build\world_transvoxel\windows.template_release.x86_64\api\world_transvoxel_terrain_metrics.o build\world_transvoxel\windows.template_release.x86_64\api\world_transvoxel_terrain_metrics_bind.o build\world_transvoxel\windows.template_release.x86_64\api\world_transvoxel_terrain_publication.o build\world_transvoxel\windows.template_release.x86_64\api\world_transvoxel_terrain_query.o build\world_transvoxel\windows.template_release.x86_64\api\world_transvoxel_terrain_streaming.o build\world_transvoxel\windows.template_release.x86_64\backend\wt_cell_types.o build\world_transvoxel\windows.template_release.x86_64\backend\wt_transvoxel_mit_backend.o build\world_transvoxel\windows.template_release.x86_64\bake\wt_chunk_baker.o build\world_transvoxel\windows.template_release.x86_64\bake\wt_dense_grid_source.o build\world_transvoxel\windows.template_release.x86_64\bake\wt_snapshot_compactor.o build\world_transvoxel\windows.template_release.x86_64\core\wt_chunk_key.o build\world_transvoxel\windows.template_release.x86_64\diagnostics\world_transvoxel_cell_probe.o build\world_transvoxel\windows.template_release.x86_64\diagnostics\wt_gpu_meshing_differential_backend.o build\world_transvoxel\windows.template_release.x86_64\diagnostics\wt_gpu_meshing_godot_codec.o build\world_transvoxel\windows.template_release.x86_64\diagnostics\wt_gpu_meshing_input_pack.o build\world_transvoxel\windows.template_release.x86_64\diagnostics\wt_gpu_meshing_shadow.o build\world_transvoxel\windows.template_release.x86_64\editing\wt_chunk_edit_state.o build\world_transvoxel\windows.template_release.x86_64\editing\wt_edit_journal.o build\world_transvoxel\windows.template_release.x86_64\editing\wt_edit_spatial_index.o build\world_transvoxel\windows.template_release.x86_64\editing\wt_edit_transaction.o build\world_transvoxel\windows.template_release.x86_64\editing\wt_edit_types.o build\world_transvoxel\windows.template_release.x86_64\meshing\wt_chunk_mesh_finalize.o build\world_transvoxel\windows.template_release.x86_64\meshing\wt_chunk_mesh_geometry.o build\world_transvoxel\windows.template_release.x86_64\meshing\wt_chunk_mesh_key.o build\world_transvoxel\windows.template_release.x86_64\meshing\wt_chunk_mesher.o build\world_transvoxel\windows.template_release.x86_64\meshing\wt_material_volume_sample_source.o build\world_transvoxel\windows.template_release.x86_64\meshing\wt_multiresolution_vertex_resolver.o build\world_transvoxel\windows.template_release.x86_64\meshing\wt_transition_face_constraints.o build\world_transvoxel\windows.template_release.x86_64\physics\wt_collision_apply_queue.o build\world_transvoxel\windows.template_release.x86_64\physics\wt_collision_builder.o build\world_transvoxel\windows.template_release.x86_64\physics\wt_godot_collision_sink.o build\world_transvoxel\windows.template_release.x86_64\render\wt_godot_render_sink.o build\world_transvoxel\windows.template_release.x86_64\render\wt_render_apply_queue.o build\world_transvoxel\windows.template_release.x86_64\render\wt_render_payload.o build\world_transvoxel\windows.template_release.x86_64\services\wt_authoritative_sample_query.o build\world_transvoxel\windows.template_release.x86_64\services\wt_chunk_application.o build\world_transvoxel\windows.template_release.x86_64\services\wt_chunk_publication_policy.o build\world_transvoxel\windows.template_release.x86_64\services\wt_chunk_resource_cache.o build\world_transvoxel\windows.template_release.x86_64\services\wt_chunk_resource_payload.o build\world_transvoxel\windows.template_release.x86_64\services\wt_desired_set_runtime.o build\world_transvoxel\windows.template_release.x86_64\services\wt_edit_runtime_replacement.o build\world_transvoxel\windows.template_release.x86_64\services\wt_page_meshing_runtime.o build\world_transvoxel\windows.template_release.x86_64\services\wt_page_meshing_runtime_control.o build\world_transvoxel\windows.template_release.x86_64\services\wt_page_meshing_runtime_execution.o build\world_transvoxel\windows.template_release.x86_64\services\wt_page_meshing_runtime_storage.o build\world_transvoxel\windows.template_release.x86_64\services\wt_read_only_world_runtime.o build\world_transvoxel\windows.template_release.x86_64\services\wt_read_only_world_runtime_completion.o build\world_transvoxel\windows.template_release.x86_64\services\wt_read_only_world_runtime_demand.o build\world_transvoxel\windows.template_release.x86_64\services\wt_read_only_world_runtime_edit.o build\world_transvoxel\windows.template_release.x86_64\services\wt_read_only_world_runtime_foreground.o build\world_transvoxel\windows.template_release.x86_64\services\wt_read_only_world_runtime_operations.o build\world_transvoxel\windows.template_release.x86_64\services\wt_read_only_world_runtime_publication.o build\world_transvoxel\windows.template_release.x86_64\services\wt_read_only_world_runtime_thread.o build\world_transvoxel\windows.template_release.x86_64\services\wt_runtime_config.o build\world_transvoxel\windows.template_release.x86_64\services\wt_world_lifecycle.o build\world_transvoxel\windows.template_release.x86_64\services\wt_world_lifecycle_priority.o build\world_transvoxel\windows.template_release.x86_64\storage\wt_async_storage_service.o build\world_transvoxel\windows.template_release.x86_64\storage\wt_binary_io.o build\world_transvoxel\windows.template_release.x86_64\storage\wt_chunk_page.o build\world_transvoxel\windows.template_release.x86_64\storage\wt_chunk_page_sample_source.o build\world_transvoxel\windows.template_release.x86_64\storage\wt_chunk_surface_shift.o build\world_transvoxel\windows.template_release.x86_64\storage\wt_container_format.o build\world_transvoxel\windows.template_release.x86_64\storage\wt_edit_journal_store.o build\world_transvoxel\windows.template_release.x86_64\storage\wt_hash256.o build\world_transvoxel\windows.template_release.x86_64\storage\wt_page_hierarchy.o build\world_transvoxel\windows.template_release.x86_64\storage\wt_procedural_cave_field.o build\world_transvoxel\windows.template_release.x86_64\storage\wt_procedural_road_field.o build\world_transvoxel\windows.template_release.x86_64\storage\wt_procedural_snapshot_descriptor.o build\world_transvoxel\windows.template_release.x86_64\storage\wt_procedural_world_source.o build\world_transvoxel\windows.template_release.x86_64\storage\wt_storage_page_cache.o build\world_transvoxel\windows.template_release.x86_64\storage\wt_world_manifest.o build\world_transvoxel\windows.template_release.x86_64\storage\wt_world_snapshot_store.o build\world_transvoxel\windows.template_release.x86_64\storage\wt_world_snapshot_store_io.o build\world_transvoxel\windows.template_release.x86_64\storage\wt_world_snapshot_store_status.o build\world_transvoxel\windows.template_release.x86_64\streaming\wt_balanced_lod_planner.o build\world_transvoxel\windows.template_release.x86_64\streaming\wt_foreground_priority.o build\world_transvoxel\windows.template_release.x86_64\streaming\wt_lod_map.o build\world_transvoxel\windows.template_release.x86_64\streaming\wt_multi_viewer_desired_set.o build\world_transvoxel\windows.template_release.x86_64\streaming\wt_stream_scheduler.o build\world_transvoxel\windows.template_release.x86_64\telemetry\wt_causal_trace.o build\world_transvoxel\windows.template_release.x86_64\telemetry\wt_determinism_trace.o build\world_transvoxel\windows.template_release.x86_64\telemetry\wt_runtime_trace.o build\world_transvoxel\windows.template_release.x86_64\testing\wt_fault_injection.o build\world_transvoxel\windows.template_release.x86_64\testing\wt_m3_integration_fixture.o build\world_transvoxel\windows.template_release.x86_64\testing\wt_m5_application_benchmark_fixture.o  thirdparty\godot-cpp\bin\libgodot-cpp.windows.template_release.x86_64.a -Wl,--out-implib,addons\world_transvoxel\bin\libworld_transvoxel.windows.template_release.x86_64.a Linking Shared Library addons\world_transvoxel\bin\world_transvoxel.windows.template_release.x86_64.dll ...
Compiling addons\world_transvoxel\src\services\wt_read_only_world_runtime_publication.cpp ...
Compiling addons\world_transvoxel\src\services\wt_read_only_world_runtime_thread.cpp ...
Linking Program build\native-tests\test_wt_m3_application.template_release.x86_64.exe ...
Normalizing PE timestamp addons\world_transvoxel\bin\world_transvoxel.windows.template_release.x86_64.dll ...
Normalizing PE timestamp build\native-tests\test_wt_m3_application.template_release.x86_64.exe ...
PE timestamp normalized: C:\Users\Windows10_new\Documents\github_repositories\world-transvoxel\build\native-tests\test_wt_m3_application.template_release.x86_64.exe
PE timestamp normalized: C:\Users\Windows10_new\Documents\github_repositories\world-transvoxel\addons\world_transvoxel\bin\world_transvoxel.windows.template_release.x86_64.dll
Linking Program build\native-tests\test_wt_gpu_meshing_shadow.template_release.x86_64.exe ...
Normalizing PE timestamp build\native-tests\test_wt_gpu_meshing_shadow.template_release.x86_64.exe ...
PE timestamp normalized: C:\Users\Windows10_new\Documents\github_repositories\world-transvoxel\build\native-tests\test_wt_gpu_meshing_shadow.template_release.x86_64.exe
Linking Program build\native-tests\test_wt_production_streaming.template_release.x86_64.exe ...
Normalizing PE timestamp build\native-tests\test_wt_production_streaming.template_release.x86_64.exe ...
PE timestamp normalized: C:\Users\Windows10_new\Documents\github_repositories\world-transvoxel\build\native-tests\test_wt_production_streaming.template_release.x86_64.exe
